[INFO] Scanning for projects...
[INFO] 
[INFO] ------------------< com.jb:5-aws-image-url-generator >------------------
[INFO] Building 5-aws-image-url-generator 0.0.1-SNAPSHOT
[INFO]   from pom.xml
[INFO] --------------------------------[ jar ]---------------------------------
[INFO] 
[INFO] >>> spring-boot:3.5.14:run (default-cli) > test-compile @ 5-aws-image-url-generator >>>
[INFO] 
[INFO] --- resources:3.3.1:resources (default-resources) @ 5-aws-image-url-generator ---
[INFO] Copying 1 resource from src\main\resources to target\classes
[INFO] Copying 0 resource from src\main\resources to target\classes
[INFO] 
[INFO] --- compiler:3.14.1:compile (default-compile) @ 5-aws-image-url-generator ---
[INFO] Nothing to compile - all classes are up to date.
[INFO] 
[INFO] --- resources:3.3.1:testResources (default-testResources) @ 5-aws-image-url-generator ---
[INFO] skip non existing resourceDirectory C:\Software\SoftwareDATA\SpringBootWorkSpace\JRTP2023\5-aws-image-url-generator\src\test\resources
[INFO] 
[INFO] --- compiler:3.14.1:testCompile (default-testCompile) @ 5-aws-image-url-generator ---
[INFO] Nothing to compile - all classes are up to date.
[INFO] 
[INFO] <<< spring-boot:3.5.14:run (default-cli) < test-compile @ 5-aws-image-url-generator <<<
[INFO] 
[INFO] 
[INFO] --- spring-boot:3.5.14:run (default-cli) @ 5-aws-image-url-generator ---
[INFO] Attaching agents: []

  .   ____          _            __ _ _
 /\\ / ___'_ __ _ _(_)_ __  __ _ \ \ \ \
( ( )\___ | '_ | '_| | '_ \/ _` | \ \ \ \
 \\/  ___)| |_)| | | | | || (_| |  ) ) ) )
  '  |____| .__|_| |_|_| |_\__, | / / / /
 =========|_|==============|___/=/_/_/_/

 :: Spring Boot ::               (v3.5.14)

2026-05-09T21:26:38.098+05:30  INFO 21768 --- [aws-image-url-generator] [           main] com.jb.Application                       : Starting Application using Java 21.0.9 with PID 21768 (C:\Software\SoftwareDATA\SpringBootWorkSpace\JRTP2023\5-aws-image-url-generator\target\classes started by Administrator in C:\Software\SoftwareDATA\SpringBootWorkSpace\JRTP2023\5-aws-image-url-generator)
2026-05-09T21:26:38.105+05:30  INFO 21768 --- [aws-image-url-generator] [           main] com.jb.Application                       : No active profile set, falling back to 1 default profile: "default"
2026-05-09T21:26:39.319+05:30  INFO 21768 --- [aws-image-url-generator] [           main] .s.d.r.c.RepositoryConfigurationDelegate : Bootstrapping Spring Data JPA repositories in DEFAULT mode.
2026-05-09T21:26:39.396+05:30  INFO 21768 --- [aws-image-url-generator] [           main] .s.d.r.c.RepositoryConfigurationDelegate : Finished Spring Data repository scanning in 61 ms. Found 1 JPA repository interface.
2026-05-09T21:26:40.122+05:30  INFO 21768 --- [aws-image-url-generator] [           main] o.s.b.w.embedded.tomcat.TomcatWebServer  : Tomcat initialized with port 8080 (http)
2026-05-09T21:26:40.147+05:30  INFO 21768 --- [aws-image-url-generator] [           main] o.apache.catalina.core.StandardService   : Starting service [Tomcat]
2026-05-09T21:26:40.148+05:30  INFO 21768 --- [aws-image-url-generator] [           main] o.apache.catalina.core.StandardEngine    : Starting Servlet engine: [Apache Tomcat/10.1.54]
2026-05-09T21:26:40.249+05:30  INFO 21768 --- [aws-image-url-generator] [           main] o.a.c.c.C.[Tomcat].[localhost].[/]       : Initializing Spring embedded WebApplicationContext
2026-05-09T21:26:40.253+05:30  INFO 21768 --- [aws-image-url-generator] [           main] w.s.c.ServletWebServerApplicationContext : Root WebApplicationContext: initialization completed in 2071 ms
2026-05-09T21:26:40.448+05:30  INFO 21768 --- [aws-image-url-generator] [           main] com.zaxxer.hikari.HikariDataSource       : HikariPool-1 - Starting...
2026-05-09T21:26:40.944+05:30  INFO 21768 --- [aws-image-url-generator] [           main] com.zaxxer.hikari.pool.HikariPool        : HikariPool-1 - Added connection com.mysql.cj.jdbc.ConnectionImpl@7d50f2a8
2026-05-09T21:26:40.950+05:30  INFO 21768 --- [aws-image-url-generator] [           main] com.zaxxer.hikari.HikariDataSource       : HikariPool-1 - Start completed.
2026-05-09T21:26:40.998+05:30  INFO 21768 --- [aws-image-url-generator] [           main] o.hibernate.jpa.internal.util.LogHelper  : HHH000204: Processing PersistenceUnitInfo [name: default]
2026-05-09T21:26:41.069+05:30  INFO 21768 --- [aws-image-url-generator] [           main] org.hibernate.Version                    : HHH000412: Hibernate ORM core version 6.6.49.Final
2026-05-09T21:26:41.117+05:30  INFO 21768 --- [aws-image-url-generator] [           main] o.h.c.internal.RegionFactoryInitiator    : HHH000026: Second-level cache disabled
2026-05-09T21:26:41.535+05:30  INFO 21768 --- [aws-image-url-generator] [           main] o.s.o.j.p.SpringPersistenceUnitInfo      : No LoadTimeWeaver setup: ignoring JPA class transformer
2026-05-09T21:26:41.690+05:30  INFO 21768 --- [aws-image-url-generator] [           main] org.hibernate.orm.connections.pooling    : HHH10001005: Database info:
	Database JDBC URL [Connecting through datasource 'HikariDataSource (HikariPool-1)']
	Database driver: undefined/unknown
	Database version: 8.4.7
	Autocommit mode: undefined/unknown
	Isolation level: undefined/unknown
	Minimum pool size: undefined/unknown
	Maximum pool size: undefined/unknown
2026-05-09T21:26:42.808+05:30  INFO 21768 --- [aws-image-url-generator] [           main] o.h.e.t.j.p.i.JtaPlatformInitiator       : HHH000489: No JTA platform available (set 'hibernate.transaction.jta.platform' to enable JTA platform integration)
2026-05-09T21:26:42.817+05:30  INFO 21768 --- [aws-image-url-generator] [           main] j.LocalContainerEntityManagerFactoryBean : Initialized JPA EntityManagerFactory for persistence unit 'default'
2026-05-09T21:26:43.888+05:30  WARN 21768 --- [aws-image-url-generator] [           main] JpaBaseConfiguration$JpaWebConfiguration : spring.jpa.open-in-view is enabled by default. Therefore, database queries may be performed during view rendering. Explicitly configure spring.jpa.open-in-view to disable this warning
2026-05-09T21:26:44.535+05:30  INFO 21768 --- [aws-image-url-generator] [           main] o.s.b.w.embedded.tomcat.TomcatWebServer  : Tomcat started on port 8080 (http) with context path '/'
2026-05-09T21:26:44.552+05:30  INFO 21768 --- [aws-image-url-generator] [           main] com.jb.Application                       : Started Application in 7.122 seconds (process running for 7.635)
AWS access key loaded: false (not loaded)
AWS secret key loaded: false (not loaded)
AWS region loaded: true (eu-north-1)
